PRACTICAL QUESTION 3:


mysql> use Aparna;
Reading table information for completion of table and column names
You can turn off this feature to get a quicker startup with -A

Database changed
mysql> create user 'xyz'@'localhost' identified by 'a1234';
Query OK, 0 rows affected (0.04 sec)

mysql> grant all privileges on Employee to 'xyz'@'localhost';
Query OK, 0 rows affected (0.02 sec)

mysql> show grants for 'xyz'@'localhost';
+------------------------------------------------------------------+
| Grants for xyz@localhost                                         |
+------------------------------------------------------------------+
| GRANT USAGE ON *.* TO `xyz`@`localhost`                          |
| GRANT ALL PRIVILEGES ON `Aparna`.`Employee` TO `xyz`@`localhost` |
+------------------------------------------------------------------+
2 rows in set (0.00 sec)

mysql> quit;
\Bye

student@student-Veriton-M200-H310:~$ mysql -u 'xyz' -p
Enter password: 

mysql> use Aparna;
Reading table information for completion of table and column names
You can turn off this feature to get a quicker startup with -A

Database changed
mysql> select * from Employee;
+--------+----------+---------+---------+
| Emp_Id | Emp_Name | Dept_Id | Salary  |
+--------+----------+---------+---------+
|    101 | EmpA     |       1 |   50000 |
|    102 | EmpB     |       2 |   35000 |
|    104 | EmpD     |       4 | 75000.2 |
+--------+----------+---------+---------+
3 rows in set (0.00 sec)

mysql> quit;
Bye

sudo mysql

mysql> use Aparna;
Reading table information for completion of table and column names
You can turn off this feature to get a quicker startup with -A

Database changed
mysql> revoke all privileges on Employee from 'xyz'@'localhost';
Query OK, 0 rows affected (0.02 sec)

mysql> show grants for 'xyz'@'localhost';
+-----------------------------------------+
| Grants for xyz@localhost                |
+-----------------------------------------+
| GRANT USAGE ON *.* TO `xyz`@`localhost` |
+-----------------------------------------+
1 row in set (0.00 sec)

mysql> quit;
Bye

 mysql -u 'xyz' -p
Enter password: 

mysql> use Aparna;
ERROR 1044 (42000): Access denied for user 'xyz'@'localhost' to database 'Aparna'

mysql> quit;
Bye
